Using API Key: sk-or-v1-3...
Status: 400
